Starting test at: 2025-12-18T03:44:25.735Z
Calling ModelScope API...

Status: 200

Raw response:
{
  "proTip": "Plant 10 starfruit seeds to harvest 10 fruits, yielding 7500g.",
  "strategyNote": "High-value crop; prioritize during summer. Best used for wine or jelly.",
  "bestUse": "Make keg wine for maximum profit."
}

Parsed JSON:
{
  "proTip": "Plant 10 starfruit seeds to harvest 10 fruits, yielding 7500g.",
  "strategyNote": "High-value crop; prioritize during summer. Best used for wine or jelly.",
  "bestUse": "Make keg wine for maximum profit."
}
